[themes.getbootstrap.com/preview/index275a.html]
[backblue.gif]
[fade.gif]
[index.html]
[themes.getbootstrap.com/wp-content/themes/bootstrap-marketplace/assets/images/fav/apple-touch-icon.png]
[themes.getbootstrap.com/wp-content/themes/bootstrap-marketplace/assets/images/fav/favicon-32x32.png]
[themes.getbootstrap.com/wp-content/themes/bootstrap-marketplace/assets/images/fav/favicon-16x16.png]
[themes.getbootstrap.com/wp-includes/css/dist/block-library/style.minde54.css]
[themes.getbootstrap.com/wp-content/plugins/woocommerce/packages/woocommerce-blocks/build/style747d.css]
[themes.getbootstrap.com/wp-content/plugins/woocommerce/assets/css/woocommerce-layout7e2e.css]
[themes.getbootstrap.com/wp-content/plugins/woocommerce/assets/css/woocommerce-smallscreen7e2e.css]
[themes.getbootstrap.com/preview/index.html]
[themes.getbootstrap.com/wp-content/plugins/woocommerce/assets/css/woocommerce7e2e.css]
[themes.getbootstrap.com/wp-content/plugins/dokan-lite/assets/vendors/font-awesome/font-awesome.min3b90.css]
[themes.getbootstrap.com/wp-content/themes/dokan/assets/css/skins/purple.css]
[themes.getbootstrap.com/wp-includes/js/jquery/jquery4a5f.js]
[themes.getbootstrap.com/wp-includes/js/jquery/jquery-migrate.min330a.js]
[themes.getbootstrap.com/wp-content/themes/bootstrap-marketplace/style94c8.css]
[themes.getbootstrap.com/wp-content/themes/bootstrap-marketplace/assets/javascript/Chart.min.js]
[themes.getbootstrap.com/wp-content/themes/bootstrap-marketplace/assets/javascript/Chart.bundle.min.js]
[themes.getbootstrap.com/wp-content/themes/bootstrap-marketplace/assets/javascript/tether.min.js]
[themes.getbootstrap.com/wp-content/themes/bootstrap-marketplace/assets/javascript/popper.min.js]
[themes.getbootstrap.com/wp-content/themes/bootstrap-marketplace/assets/javascript/bootstrap.min.js]
[themes.getbootstrap.com/wp-content/themes/bootstrap-marketplace/assets/javascript/lazysizes.min.js]
[themes.getbootstrap.com/preview/index275a.html]
[themes.getbootstrap.com/preview/index.html]
[themes.getbootstrap.com/wp-includes/css/dist/block-library/style.minde54.css]
[themes.getbootstrap.com/wp-content/plugins/woocommerce/packages/woocommerce-blocks/build/style747d.css]
[themes.getbootstrap.com/wp-content/plugins/woocommerce/assets/css/woocommerce-layout7e2e.css]
[themes.getbootstrap.com/wp-content/plugins/woocommerce/assets/css/woocommerce-smallscreen7e2e.css]
[themes.getbootstrap.com/wp-content/plugins/woocommerce/assets/css/woocommerce7e2e.css]
[themes.getbootstrap.com/wp-content/plugins/dokan-lite/assets/vendors/font-awesome/font-awesome.min3b90.css]
[themes.getbootstrap.com/wp-content/themes/dokan/assets/css/skins/purple.css]
[themes.getbootstrap.com/wp-content/themes/bootstrap-marketplace/assets/javascript/scriptsa6b3.js]
[themes.getbootstrap.com/wp-content/themes/bootstrap-marketplace/assets/fonts/fontello/bootstrap-themesc000.eot]
[themes.getbootstrap.com/wp-content/themes/bootstrap-marketplace/assets/fonts/fontello/bootstrap-themesc000.woff2]
[themes.getbootstrap.com/wp-content/themes/bootstrap-marketplace/assets/fonts/fontello/bootstrap-themesc000.woff]
[themes.getbootstrap.com/wp-content/themes/bootstrap-marketplace/assets/fonts/fontello/bootstrap-themesc000.ttf]
[themes.getbootstrap.com/wp-content/themes/bootstrap-marketplace/style94c8.css]
[themes.getbootstrap.com/wp-content/themes/bootstrap-marketplace/assets/fonts/fontello/bootstrap-themesc000.svg]
[themes.getbootstrap.com/wp-content/themes/bootstrap-marketplace/assets/fonts/fontello/bootstrap-themesc000.svg]
